// Vitest Snapshot v1

exports[`mount AgreementPopup component 1`] = `
"<!--teleport start-->
<!--teleport end-->"
`;
