// Vitest Snapshot v1

exports[`mount Tabs component 1`] = `
"<div class=\\"wg-tabs clearfix\\">
  <ul class=\\"flex tab-bar-wrap align-end\\">
    <li class=\\"flex flex-center tab-bar active\\"><span class=\\"tab-bar-title\\">联通</span><img alt=\\"联通\\" class=\\"tab-bar-logo\\"></li>
    <li class=\\"flex flex-center tab-bar\\"><span class=\\"tab-bar-title\\">电信</span><img alt=\\"电信\\" class=\\"tab-bar-logo\\"></li>
    <li class=\\"flex flex-center tab-bar\\"><span class=\\"tab-bar-title\\">移动</span><img alt=\\"移动\\" class=\\"tab-bar-logo\\"></li>
  </ul>
  <div class=\\"tab-content\\">
    <!-- <SelectNumber @selected=\\"selectNum\\" showBelongCity showSearchNumber showNumberRule /> -->
    <div class=\\"marquee-single flex\\">
      <ul class=\\"scroll-wrapper\\">
        <li class=\\"flex align-middle scroll-item\\"><span class=\\"userimg flex-none man\\"></span><span class=\\"scroll-text txtover\\">李**抢得靓号 1305678****</span></li>
        <li class=\\"flex align-middle scroll-item\\"><span class=\\"userimg flex-none man\\"></span><span class=\\"scroll-text txtover\\">蔡**抢得靓号 1308288****</span></li>
        <li class=\\"flex align-middle scroll-item\\"><span class=\\"userimg flex-none woman\\"></span><span class=\\"scroll-text txtover\\">张**抢得靓号 1326668****</span></li>
        <li class=\\"flex align-middle scroll-item\\"><span class=\\"userimg flex-none woman\\"></span><span class=\\"scroll-text txtover\\">罗**抢得靓号 1665688****</span></li>
        <li class=\\"flex align-middle scroll-item\\"><span class=\\"userimg flex-none man\\"></span><span class=\\"scroll-text txtover\\">林**抢得靓号 1556688****</span></li>
        <li class=\\"flex align-middle scroll-item\\"><span class=\\"userimg flex-none woman\\"></span><span class=\\"scroll-text txtover\\">周**抢得靓号 1306566****</span></li>
      </ul>
    </div>
    <!-- <img src=\\"@/assets/img/tab1-2.jpg\\" alt=\\"产品说明\\" class=\\"widthfull mg-t10\\" />
  <img src=\\"@/assets/img/tab1-3.jpg\\" alt=\\"产品说明\\" class=\\"widthfull\\" />
  <img alt=\\"产品说明\\" class=\\"widthfull img4\\" v-lazy=\\"img4\\" />
  <div class=\\"text-center expenses-wrap\\">
    <span class=\\"expenses-text\\" @click=\\"showExpenses()\\">资费详情说明</span>
  </div>
  <van-popup v-model:show=\\"showForm\\" class=\\"common-popup\\" style=\\"max-width: 576px\\" teleport=\\"body\\">
    <div class=\\"common-wrap\\" v-if=\\"selectNumItem\\">
      <p class=\\"info-text-number\\"
        >已选择<span class=\\"info-number\\">靓号 {{ selectNumItem.num }}</span> {{ showCity }}</p
      >
      <p class=\\"info-text\\">根据国家手机号卡实名制规定</p>
      <p class=\\"info-text\\">请如实填写信息，以便我们及时为您送达</p>
      <BaseForm :handleNo=\\"selectNumItem.num\\" @submit=\\"submitOrder\\" />
      <Agreement title=\\"填写并提交视为阅读并同意\\" :agrList=\\"agrList\\" v-model:checked=\\"checked\\" />
    </div>
  </van-popup>
  <van-popup class=\\"agreement-popup\\" v-model:show=\\"show\\" round>
    <div class=\\"agreement-wrap\\">{{ expensesText }}</div>
    <div class=\\"agreement-confirm\\" @click=\\"close()\\">我知道了</div>
  </van-popup> -->
  </div>
  <!--v-if-->
  <!--v-if-->
</div>"
`;
